// Jest Snapshot v1, https://goo.gl/fbAQLP

exports[`matches snapshot 1`] = `
<DocumentFragment>
  <form>
    <label
      for="color"
    >
      Color: 
    </label>
    <select
      id="color"
      name="color"
    >
      <option
        value="red"
      >
        Red
      </option>
      <option
        value="blue"
      >
        Blue
      </option>
      <option
        value="green"
      >
        Green
      </option>
      <option
        value="yellow"
      >
        Yellow
      </option>
    </select>
    <label
      for="width"
    >
      Width: 10 px 
    </label>
    <input
      id="width"
      max="200"
      min="10"
      name="width"
      type="range"
      value="10"
    />
    <label
      for="height"
    >
      Height: 10 px 
    </label>
    <input
      id="height"
      max="200"
      min="10"
      name="height"
      type="range"
      value="10"
    />
    <button>
      Add DIV
    </button>
  </form>
  <div />
</DocumentFragment>
`;
